// Jest Snapshot v1, https://goo.gl/fbAQLP

exports[`ColorsApp renders correctly 1`] = `
<div
  className="colors-app"
>
  <div
    className="color-selector"
    onClick={[Function]}
    onMouseMove={[Function]}
    style={
      Object {
        "backgroundColor": "hsl(180, 50%, 50%)",
      }
    }
  >
    <div
      className="color-info info-container"
    >
      <p
        className="color-info color"
      >
        #40BFBF
      </p>
      <p
        className="color-info info"
      >
        click to save
      </p>
    </div>
  </div>
</div>
`;
